136.243.111.230 - - [06/Dec/2018:17:11:44 -0800] "GET /robots.txt HTTP/1.1" 404 3698 "-" "Mozilla/5.0 (compatible; BLEXBot/1.0; +http://webmeup-crawler.com/)"
136.243.111.230 - - [06/Dec/2018:17:11:45 -0800] "GET /robots.txt HTTP/1.1" 404 3706 "-" "Mozilla/5.0 (compatible; BLEXBot/1.0; +http://webmeup-crawler.com/)"
136.243.111.230 - - [06/Dec/2018:17:11:45 -0800] "GET /site/order?writer_id=12 HTTP/1.1" 200 38191 "-" "Mozilla/5.0 (compatible; BLEXBot/1.0; +http://webmeup-crawler.com/)"
136.243.111.230 - - [06/Dec/2018:17:11:48 -0800] "GET /site/order?writer_id=3 HTTP/1.1" 200 38189 "-" "Mozilla/5.0 (compatible; BLEXBot/1.0; +http://webmeup-crawler.com/)"
54.36.148.116 - - [06/Dec/2018:18:03:39 -0800] "GET /reviews HTTP/1.1" 200 10129 "-" "Mozilla/5.0 (compatible; AhrefsBot/5.2; +http://ahrefs.com/robot/)"
54.36.149.1 - - [06/Dec/2018:18:29:34 -0800] "GET /writers HTTP/1.1" 200 12469 "-" "Mozilla/5.0 (compatible; AhrefsBot/5.2; +http://ahrefs.com/robot/)"
54.36.150.172 - - [06/Dec/2018:18:38:14 -0800] "GET /writers/page/order?writer_id=3 HTTP/1.1" 404 3698 "-" "Mozilla/5.0 (compatible; AhrefsBot/5.2; +http://ahrefs.com/robot/)"
54.36.148.43 - - [06/Dec/2018:18:51:05 -0800] "GET /writers/page/order?writer_id=12 HTTP/1.1" 404 3698 "-" "Mozilla/5.0 (compatible; AhrefsBot/5.2; +http://ahrefs.com/robot/)"
66.249.64.95 - - [06/Dec/2018:18:57:22 -0800] "GET /ads.txt HTTP/1.1" 404 3698 "-" "Mozilla/5.0 (compatible; Googlebot/2.1; +http://www.google.com/bot.html)"
54.36.149.104 - - [06/Dec/2018:18:59:27 -0800] "GET /writers/page/order?writer_id=10 HTTP/1.1" 404 3706 "-" "Mozilla/5.0 (compatible; AhrefsBot/5.2; +http://ahrefs.com/robot/)"
54.36.148.224 - - [06/Dec/2018:19:10:02 -0800] "GET /writers/page/order?writer_id=11 HTTP/1.1" 404 3706 "-" "Mozilla/5.0 (compatible; AhrefsBot/5.2; +http://ahrefs.com/robot/)"
5.196.87.15 - - [06/Dec/2018:19:18:38 -0800] "GET /writers/page/order?writer_id=2 HTTP/1.1" 404 3706 "-" "Mozilla/5.0 (compatible; AhrefsBot/5.2; +http://ahrefs.com/robot/)"
5.196.87.14 - - [06/Dec/2018:19:26:09 -0800] "GET /writers/page/order?writer_id=4 HTTP/1.1" 404 3706 "-" "Mozilla/5.0 (compatible; AhrefsBot/5.2; +http://ahrefs.com/robot/)"
54.36.149.81 - - [06/Dec/2018:19:36:40 -0800] "GET /writers/page/order?writer_id=1 HTTP/1.1" 404 3706 "-" "Mozilla/5.0 (compatible; AhrefsBot/5.2; +http://ahrefs.com/robot/)"
66.249.64.91 - - [06/Dec/2018:19:37:32 -0800] "GET / HTTP/1.1" 200 10129 "-" "Mozilla/5.0 (compatible; Googlebot/2.1; +http://www.google.com/bot.html)"
54.36.148.247 - - [06/Dec/2018:19:43:27 -0800] "GET /writers/page/order?writer_id=9 HTTP/1.1" 404 3706 "-" "Mozilla/5.0 (compatible; AhrefsBot/5.2; +http://ahrefs.com/robot/)"
54.36.149.46 - - [06/Dec/2018:19:54:59 -0800] "GET /writers/page/order?writer_id=8 HTTP/1.1" 404 3706 "-" "Mozilla/5.0 (compatible; AhrefsBot/5.2; +http://ahrefs.com/robot/)"
151.80.39.33 - - [06/Dec/2018:20:07:05 -0800] "GET /writers/page/order?writer_id=7 HTTP/1.1" 404 3706 "-" "Mozilla/5.0 (compatible; AhrefsBot/5.2; +http://ahrefs.com/robot/)"
54.36.149.31 - - [06/Dec/2018:20:14:13 -0800] "GET /writers/page/order?writer_id=5 HTTP/1.1" 404 3706 "-" "Mozilla/5.0 (compatible; AhrefsBot/5.2; +http://ahrefs.com/robot/)"
5.196.87.72 - - [06/Dec/2018:20:22:21 -0800] "GET /writers/page/order?writer_id=6 HTTP/1.1" 404 3706 "-" "Mozilla/5.0 (compatible; AhrefsBot/5.2; +http://ahrefs.com/robot/)"
54.36.148.254 - - [06/Dec/2018:20:28:38 -0800] "GET /writers/page/order?writer_id=12 HTTP/1.1" 404 3706 "-" "Mozilla/5.0 (compatible; AhrefsBot/5.2; +http://ahrefs.com/robot/)"
54.36.148.127 - - [06/Dec/2018:20:37:22 -0800] "GET /writers/page/order?writer_id=3 HTTP/1.1" 404 3706 "-" "Mozilla/5.0 (compatible; AhrefsBot/5.2; +http://ahrefs.com/robot/)"
157.55.39.58 - - [06/Dec/2018:21:32:29 -0800] "GET /copywriting HTTP/1.1" 200 15400 "-" "Mozilla/5.0 (compatible; bingbot/2.0; +http://www.bing.com/bingbot.htm)"
66.249.64.95 - - [06/Dec/2018:22:42:28 -0800] "GET /robots.txt HTTP/1.1" 404 3698 "-" "Mozilla/5.0 (compatible; Googlebot/2.1; +http://www.google.com/bot.html)"
157.55.39.58 - - [06/Dec/2018:22:53:26 -0800] "GET /copywriting HTTP/1.1" 200 15400 "-" "Mozilla/5.0 (compatible; bingbot/2.0; +http://www.bing.com/bingbot.htm)"
37.59.4.151 - - [07/Dec/2018:02:09:54 -0800] "GET / HTTP/1.1" 200 10129 "https://google.com" "Mozilla/5.0 (X11; Ubuntu; Linux x86_64; rv:26.0) Gecko/20100101 Firefox/26.0"
66.249.64.203 - - [07/Dec/2018:02:29:44 -0800] "GET /robots.txt HTTP/1.1" 404 3706 "-" "Mozilla/5.0 (compatible; Googlebot/2.1; +http://www.google.com/bot.html)"
66.249.64.203 - - [07/Dec/2018:02:29:44 -0800] "GET / HTTP/1.1" 200 10137 "-" "Mozilla/5.0 (compatible; Googlebot/2.1; +http://www.google.com/bot.html)"
151.80.39.118 - - [07/Dec/2018:03:20:50 -0800] "GET /proofreading HTTP/1.1" 200 15416 "-" "Mozilla/5.0 (compatible; AhrefsBot/5.2; +http://ahrefs.com/robot/)"
54.36.150.182 - - [07/Dec/2018:03:46:11 -0800] "GET /rewriting HTTP/1.1" 200 17273 "-" "Mozilla/5.0 (compatible; AhrefsBot/5.2; +http://ahrefs.com/robot/)"
54.36.150.165 - - [07/Dec/2018:04:02:06 -0800] "GET /order?writer_id=11 HTTP/1.1" 200 38194 "-" "Mozilla/5.0 (compatible; AhrefsBot/5.2; +http://ahrefs.com/robot/)"
54.36.150.148 - - [07/Dec/2018:04:13:31 -0800] "GET /site/order?writer_id=9 HTTP/1.1" 200 38197 "-" "Mozilla/5.0 (compatible; AhrefsBot/5.2; +http://ahrefs.com/robot/)"
54.36.150.189 - - [07/Dec/2018:04:25:00 -0800] "GET /site/order?writer_id=6 HTTP/1.1" 200 38197 "-" "Mozilla/5.0 (compatible; AhrefsBot/5.2; +http://ahrefs.com/robot/)"
54.36.149.98 - - [07/Dec/2018:04:35:37 -0800] "GET /site/order?writer_id=7 HTTP/1.1" 200 38197 "-" "Mozilla/5.0 (compatible; AhrefsBot/5.2; +http://ahrefs.com/robot/)"
5.196.87.33 - - [07/Dec/2018:04:45:46 -0800] "GET /site/order?writer_id=1 HTTP/1.1" 200 38197 "-" "Mozilla/5.0 (compatible; AhrefsBot/5.2; +http://ahrefs.com/robot/)"
151.80.39.24 - - [07/Dec/2018:04:55:54 -0800] "GET /site/order?writer_id=5 HTTP/1.1" 200 38197 "-" "Mozilla/5.0 (compatible; AhrefsBot/5.2; +http://ahrefs.com/robot/)"
5.196.87.30 - - [07/Dec/2018:05:06:22 -0800] "GET /site/order?writer_id=3 HTTP/1.1" 200 38197 "-" "Mozilla/5.0 (compatible; AhrefsBot/5.2; +http://ahrefs.com/robot/)"
151.80.39.163 - - [07/Dec/2018:05:15:49 -0800] "GET /site/order?writer_id=10 HTTP/1.1" 200 38199 "-" "Mozilla/5.0 (compatible; AhrefsBot/5.2; +http://ahrefs.com/robot/)"
54.36.149.107 - - [07/Dec/2018:05:25:17 -0800] "GET /site/order?writer_id=2 HTTP/1.1" 200 38197 "-" "Mozilla/5.0 (compatible; AhrefsBot/5.2; +http://ahrefs.com/robot/)"
151.80.39.29 - - [07/Dec/2018:05:36:05 -0800] "GET /site/order?writer_id=4 HTTP/1.1" 200 38197 "-" "Mozilla/5.0 (compatible; AhrefsBot/5.2; +http://ahrefs.com/robot/)"
207.46.13.44 - - [07/Dec/2018:05:37:23 -0800] "GET / HTTP/1.1" 200 10129 "-" "Mozilla/5.0 (iPhone; CPU iPhone OS 7_0 like Mac OS X) AppleWebKit/537.51.1 (KHTML, like Gecko) Version/7.0 Mobile/11A465 Safari/9537.53 (compatible; bingbot/2.0; +http://www.bing.com/bingbot.htm)"
40.77.252.71 - - [07/Dec/2018:05:37:47 -0800] "GET /css/main.css HTTP/1.1" 200 7997 "http://vietyoung.net/" "Mozilla/5.0 (iPhone; CPU iPhone OS 7_0 like Mac OS X) AppleWebKit/537.51.1 (KHTML, like Gecko) Version/7.0 Mobile/11A465 Safari/9537.53 BingPreview/1.0b"
40.77.252.71 - - [07/Dec/2018:05:37:47 -0800] "GET /css/site.css HTTP/1.1" 200 29895 "http://vietyoung.net/" "Mozilla/5.0 (iPhone; CPU iPhone OS 7_0 like Mac OS X) AppleWebKit/537.51.1 (KHTML, like Gecko) Version/7.0 Mobile/11A465 Safari/9537.53 BingPreview/1.0b"
40.77.252.71 - - [07/Dec/2018:05:37:47 -0800] "GET /css/bootstrap-rating.css HTTP/1.1" 200 249 "http://vietyoung.net/" "Mozilla/5.0 (iPhone; CPU iPhone OS 7_0 like Mac OS X) AppleWebKit/537.51.1 (KHTML, like Gecko) Version/7.0 Mobile/11A465 Safari/9537.53 BingPreview/1.0b"
40.77.252.71 - - [07/Dec/2018:05:37:47 -0800] "GET /assets/d4188db9/css/bootstrap.css HTTP/1.1" 200 146010 "http://vietyoung.net/" "Mozilla/5.0 (iPhone; CPU iPhone OS 7_0 like Mac OS X) AppleWebKit/537.51.1 (KHTML, like Gecko) Version/7.0 Mobile/11A465 Safari/9537.53 BingPreview/1.0b"
40.77.252.71 - - [07/Dec/2018:05:37:47 -0800] "GET /css/util.css HTTP/1.1" 200 86814 "http://vietyoung.net/" "Mozilla/5.0 (iPhone; CPU iPhone OS 7_0 like Mac OS X) AppleWebKit/537.51.1 (KHTML, like Gecko) Version/7.0 Mobile/11A465 Safari/9537.53 BingPreview/1.0b"
207.46.13.44 - - [07/Dec/2018:05:37:47 -0800] "GET /robots.txt HTTP/1.1" 404 3698 "-" "Mozilla/5.0 (compatible; bingbot/2.0; +http://www.bing.com/bingbot.htm)"
40.77.252.71 - - [07/Dec/2018:05:37:49 -0800] "GET /assets/1b6234be/jquery.js HTTP/1.1" 200 268039 "http://vietyoung.net/" "Mozilla/5.0 (iPhone; CPU iPhone OS 7_0 like Mac OS X) AppleWebKit/537.51.1 (KHTML, like Gecko) Version/7.0 Mobile/11A465 Safari/9537.53 BingPreview/1.0b"
40.77.252.71 - - [07/Dec/2018:05:37:54 -0800] "GET /assets/d4188db9/fonts/glyphicons-halflings-regular.svg HTTP/1.1" 404 3698 "http://vietyoung.net/" "Mozilla/5.0 (iPhone; CPU iPhone OS 7_0 like Mac OS X) AppleWebKit/537.51.1 (KHTML, like Gecko) Version/7.0 Mobile/11A465 Safari/9537.53 BingPreview/1.0b"
40.77.252.71 - - [07/Dec/2018:05:37:56 -0800] "GET /assets/4a717bef/yii.js HTTP/1.1" 200 20203 "http://vietyoung.net/" "Mozilla/5.0 (iPhone; CPU iPhone OS 7_0 like Mac OS X) AppleWebKit/537.51.1 (KHTML, like Gecko) Version/7.0 Mobile/11A465 Safari/9537.53 BingPreview/1.0b"
40.77.252.71 - - [07/Dec/2018:05:37:57 -0800] "GET /js/site.js HTTP/1.1" 200 17114 "http://vietyoung.net/" "Mozilla/5.0 (iPhone; CPU iPhone OS 7_0 like Mac OS X) AppleWebKit/537.51.1 (KHTML, like Gecko) Version/7.0 Mobile/11A465 Safari/9537.53 BingPreview/1.0b"
40.77.252.71 - - [07/Dec/2018:05:37:57 -0800] "GET /js/bootstrap-rating.js HTTP/1.1" 200 10107 "http://vietyoung.net/" "Mozilla/5.0 (iPhone; CPU iPhone OS 7_0 like Mac OS X) AppleWebKit/537.51.1 (KHTML, like Gecko) Version/7.0 Mobile/11A465 Safari/9537.53 BingPreview/1.0b"
40.77.252.71 - - [07/Dec/2018:05:37:57 -0800] "GET /assets/d4188db9/js/bootstrap.js HTTP/1.1" 200 69707 "http://vietyoung.net/" "Mozilla/5.0 (iPhone; CPU iPhone OS 7_0 like Mac OS X) AppleWebKit/537.51.1 (KHTML, like Gecko) Version/7.0 Mobile/11A465 Safari/9537.53 BingPreview/1.0b"
66.249.64.93 - - [07/Dec/2018:05:50:45 -0800] "GET / HTTP/1.1" 200 10129 "-" "Mozilla/5.0 (compatible; Googlebot/2.1; +http://www.google.com/bot.html)"
66.249.64.95 - - [07/Dec/2018:05:56:07 -0800] "GET /order HTTP/1.1" 200 38162 "-" "Mozilla/5.0 (compatible; Googlebot/2.1; +http://www.google.com/bot.html)"
66.249.64.95 - - [07/Dec/2018:05:56:46 -0800] "GET /sample HTTP/1.1" 200 18846 "-" "Mozilla/5.0 (compatible; Googlebot/2.1; +http://www.google.com/bot.html)"
66.249.64.93 - - [07/Dec/2018:05:57:43 -0800] "GET /prices HTTP/1.1" 200 14100 "-" "Mozilla/5.0 (compatible; Googlebot/2.1; +http://www.google.com/bot.html)"
66.249.64.91 - - [07/Dec/2018:05:58:36 -0800] "GET /reviews HTTP/1.1" 200 10121 "-" "Mozilla/5.0 (compatible; Googlebot/2.1; +http://www.google.com/bot.html)"
66.249.64.93 - - [07/Dec/2018:05:59:33 -0800] "GET /writers HTTP/1.1" 200 12421 "-" "Mozilla/5.0 (compatible; Googlebot/2.1; +http://www.google.com/bot.html)"
66.249.64.95 - - [07/Dec/2018:06:00:36 -0800] "GET /editing HTTP/1.1" 200 15405 "-" "Mozilla/5.0 (compatible; Googlebot/2.1; +http://www.google.com/bot.html)"
116.109.16.84 - - [07/Dec/2018:06:24:46 -0800] "GET / HTTP/1.1" 200 10129 "-" "Mozilla/5.0 (Windows NT 10.0; Win64; x64) AppleWebKit/537.36 (KHTML, like Gecko) Chrome/71.0.3578.80 Safari/537.36"
116.109.16.84 - - [07/Dec/2018:06:24:46 -0800] "GET /css/main.css HTTP/1.1" 200 7997 "http://vietyoung.net/" "Mozilla/5.0 (Windows NT 10.0; Win64; x64) AppleWebKit/537.36 (KHTML, like Gecko) Chrome/71.0.3578.80 Safari/537.36"
116.109.16.84 - - [07/Dec/2018:06:24:46 -0800] "GET /css/site.css HTTP/1.1" 200 29895 "http://vietyoung.net/" "Mozilla/5.0 (Windows NT 10.0; Win64; x64) AppleWebKit/537.36 (KHTML, like Gecko) Chrome/71.0.3578.80 Safari/537.36"
116.109.16.84 - - [07/Dec/2018:06:24:47 -0800] "GET /assets/4a717bef/yii.js HTTP/1.1" 200 20203 "http://vietyoung.net/" "Mozilla/5.0 (Windows NT 10.0; Win64; x64) AppleWebKit/537.36 (KHTML, like Gecko) Chrome/71.0.3578.80 Safari/537.36"
116.109.16.84 - - [07/Dec/2018:06:24:47 -0800] "GET /css/bootstrap-rating.css HTTP/1.1" 200 249 "http://vietyoung.net/" "Mozilla/5.0 (Windows NT 10.0; Win64; x64) AppleWebKit/537.36 (KHTML, like Gecko) Chrome/71.0.3578.80 Safari/537.36"
116.109.16.84 - - [07/Dec/2018:06:24:47 -0800] "GET /assets/d4188db9/css/bootstrap.css HTTP/1.1" 200 146010 "http://vietyoung.net/" "Mozilla/5.0 (Windows NT 10.0; Win64; x64) AppleWebKit/537.36 (KHTML, like Gecko) Chrome/71.0.3578.80 Safari/537.36"
116.109.16.84 - - [07/Dec/2018:06:24:47 -0800] "GET /js/site.js HTTP/1.1" 200 17114 "http://vietyoung.net/" "Mozilla/5.0 (Windows NT 10.0; Win64; x64) AppleWebKit/537.36 (KHTML, like Gecko) Chrome/71.0.3578.80 Safari/537.36"
116.109.16.84 - - [07/Dec/2018:06:24:47 -0800] "GET /js/bootstrap-rating.js HTTP/1.1" 200 10107 "http://vietyoung.net/" "Mozilla/5.0 (Windows NT 10.0; Win64; x64) AppleWebKit/537.36 (KHTML, like Gecko) Chrome/71.0.3578.80 Safari/537.36"
116.109.16.84 - - [07/Dec/2018:06:24:47 -0800] "GET /css/util.css HTTP/1.1" 200 86814 "http://vietyoung.net/" "Mozilla/5.0 (Windows NT 10.0; Win64; x64) AppleWebKit/537.36 (KHTML, like Gecko) Chrome/71.0.3578.80 Safari/537.36"
116.109.16.84 - - [07/Dec/2018:06:24:47 -0800] "GET /assets/d4188db9/js/bootstrap.js HTTP/1.1" 200 69707 "http://vietyoung.net/" "Mozilla/5.0 (Windows NT 10.0; Win64; x64) AppleWebKit/537.36 (KHTML, like Gecko) Chrome/71.0.3578.80 Safari/537.36"
116.109.16.84 - - [07/Dec/2018:06:24:48 -0800] "GET /assets/d4188db9/fonts/glyphicons-halflings-regular.woff2 HTTP/1.1" 404 3698 "http://vietyoung.net/assets/d4188db9/css/bootstrap.css" "Mozilla/5.0 (Windows NT 10.0; Win64; x64) AppleWebKit/537.36 (KHTML, like Gecko) Chrome/71.0.3578.80 Safari/537.36"
116.109.16.84 - - [07/Dec/2018:06:24:48 -0800] "GET /assets/1b6234be/jquery.js HTTP/1.1" 200 268039 "http://vietyoung.net/" "Mozilla/5.0 (Windows NT 10.0; Win64; x64) AppleWebKit/537.36 (KHTML, like Gecko) Chrome/71.0.3578.80 Safari/537.36"
116.109.16.84 - - [07/Dec/2018:06:24:48 -0800] "GET /assets/d4188db9/fonts/glyphicons-halflings-regular.woff HTTP/1.1" 404 3698 "http://vietyoung.net/assets/d4188db9/css/bootstrap.css" "Mozilla/5.0 (Windows NT 10.0; Win64; x64) AppleWebKit/537.36 (KHTML, like Gecko) Chrome/71.0.3578.80 Safari/537.36"
116.109.16.84 - - [07/Dec/2018:06:24:48 -0800] "GET /assets/d4188db9/fonts/glyphicons-halflings-regular.ttf HTTP/1.1" 404 3698 "http://vietyoung.net/assets/d4188db9/css/bootstrap.css" "Mozilla/5.0 (Windows NT 10.0; Win64; x64) AppleWebKit/537.36 (KHTML, like Gecko) Chrome/71.0.3578.80 Safari/537.36"
116.109.16.84 - - [07/Dec/2018:06:24:48 -0800] "GET /favicon.ico HTTP/1.1" 200 318 "http://vietyoung.net/" "Mozilla/5.0 (Windows NT 10.0; Win64; x64) AppleWebKit/537.36 (KHTML, like Gecko) Chrome/71.0.3578.80 Safari/537.36"
157.55.39.58 - - [07/Dec/2018:06:25:02 -0800] "GET /order?writer_id=11 HTTP/1.1" 200 38186 "-" "Mozilla/5.0 (compatible; bingbot/2.0; +http://www.bing.com/bingbot.htm)"
66.249.64.95 - - [07/Dec/2018:06:39:17 -0800] "GET /rewriting HTTP/1.1" 200 17261 "-" "Mozilla/5.0 (compatible; Googlebot/2.1; +http://www.google.com/bot.html)"
54.36.150.165 - - [07/Dec/2018:07:44:22 -0800] "GET /site/order?writer_id=11 HTTP/1.1" 200 38199 "-" "Mozilla/5.0 (compatible; AhrefsBot/5.2; +http://ahrefs.com/robot/)"
66.249.64.201 - - [07/Dec/2018:07:51:04 -0800] "GET /assets/82a43dd6/yii.js HTTP/1.1" 200 20203 "http://www.vietyoung.net/site/" "Mozilla/5.0 AppleWebKit/537.36 (KHTML, like Gecko; compatible; Googlebot/2.1; +http://www.google.com/bot.html) Safari/537.36"
66.249.64.203 - - [07/Dec/2018:07:51:05 -0800] "GET /js/site.js HTTP/1.1" 200 17114 "http://www.vietyoung.net/site/" "Mozilla/5.0 AppleWebKit/537.36 (KHTML, like Gecko; compatible; Googlebot/2.1; +http://www.google.com/bot.html) Safari/537.36"
66.249.64.199 - - [07/Dec/2018:07:51:05 -0800] "GET /css/site.css HTTP/1.1" 200 29895 "http://www.vietyoung.net/site/" "Mozilla/5.0 AppleWebKit/537.36 (KHTML, like Gecko; compatible; Googlebot/2.1; +http://www.google.com/bot.html) Safari/537.36"
66.249.64.201 - - [07/Dec/2018:07:51:06 -0800] "GET /assets/d4188db9/js/bootstrap.js HTTP/1.1" 200 69707 "http://www.vietyoung.net/site/" "Mozilla/5.0 AppleWebKit/537.36 (KHTML, like Gecko; compatible; Googlebot/2.1; +http://www.google.com/bot.html) Safari/537.36"
54.36.150.157 - - [07/Dec/2018:07:53:11 -0800] "GET /site/order?writer_id=8 HTTP/1.1" 200 38197 "-" "Mozilla/5.0 (compatible; AhrefsBot/5.2; +http://ahrefs.com/robot/)"
66.249.64.93 - - [07/Dec/2018:07:55:06 -0800] "GET /discounts HTTP/1.1" 200 6787 "-" "Mozilla/5.0 (compatible; Googlebot/2.1; +http://www.google.com/bot.html)"
151.80.39.29 - - [07/Dec/2018:08:01:27 -0800] "GET /site/order?writer_id=12 HTTP/1.1" 200 38199 "-" "Mozilla/5.0 (compatible; AhrefsBot/5.2; +http://ahrefs.com/robot/)"
151.80.39.117 - - [07/Dec/2018:08:07:27 -0800] "GET /writers/id/3 HTTP/1.1" 200 5794 "-" "Mozilla/5.0 (compatible; AhrefsBot/5.2; +http://ahrefs.com/robot/)"
151.80.39.107 - - [07/Dec/2018:08:14:34 -0800] "GET /writers/id/9 HTTP/1.1" 200 5791 "-" "Mozilla/5.0 (compatible; AhrefsBot/5.2; +http://ahrefs.com/robot/)"
151.80.39.35 - - [07/Dec/2018:08:20:13 -0800] "GET /writers/id/1 HTTP/1.1" 200 5792 "-" "Mozilla/5.0 (compatible; AhrefsBot/5.2; +http://ahrefs.com/robot/)"
116.109.16.84 - - [07/Dec/2018:08:24:33 -0800] "GET /css/site.css HTTP/1.1" 200 29895 "http://vietyoung.net/" "Mozilla/5.0 (Windows NT 10.0; Win64; x64) AppleWebKit/537.36 (KHTML, like Gecko) Chrome/71.0.3578.80 Safari/537.36"
116.109.16.84 - - [07/Dec/2018:08:24:33 -0800] "GET /css/bootstrap-rating.css HTTP/1.1" 200 249 "http://vietyoung.net/" "Mozilla/5.0 (Windows NT 10.0; Win64; x64) AppleWebKit/537.36 (KHTML, like Gecko) Chrome/71.0.3578.80 Safari/537.36"
116.109.16.84 - - [07/Dec/2018:08:24:33 -0800] "GET /css/main.css HTTP/1.1" 200 7997 "http://vietyoung.net/" "Mozilla/5.0 (Windows NT 10.0; Win64; x64) AppleWebKit/537.36 (KHTML, like Gecko) Chrome/71.0.3578.80 Safari/537.36"
116.109.16.84 - - [07/Dec/2018:08:24:33 -0800] "GET /css/util.css HTTP/1.1" 200 86814 "http://vietyoung.net/" "Mozilla/5.0 (Windows NT 10.0; Win64; x64) AppleWebKit/537.36 (KHTML, like Gecko) Chrome/71.0.3578.80 Safari/537.36"
116.109.16.84 - - [07/Dec/2018:08:24:33 -0800] "GET /assets/d4188db9/css/bootstrap.css HTTP/1.1" 200 146010 "http://vietyoung.net/" "Mozilla/5.0 (Windows NT 10.0; Win64; x64) AppleWebKit/537.36 (KHTML, like Gecko) Chrome/71.0.3578.80 Safari/537.36"
116.109.16.84 - - [07/Dec/2018:08:24:34 -0800] "GET /assets/d4188db9/css/bootstrap.css.map HTTP/1.1" 404 3698 "-" "Mozilla/5.0 (Windows NT 10.0; Win64; x64) AppleWebKit/537.36 (KHTML, like Gecko) Chrome/71.0.3578.80 Safari/537.36"
5.196.87.58 - - [07/Dec/2018:08:27:23 -0800] "GET /writers/id/12 HTTP/1.1" 200 5796 "-" "Mozilla/5.0 (compatible; AhrefsBot/5.2; +http://ahrefs.com/robot/)"
54.36.150.145 - - [07/Dec/2018:08:33:52 -0800] "GET /reviews/page/1 HTTP/1.1" 200 10129 "-" "Mozilla/5.0 (compatible; AhrefsBot/5.2; +http://ahrefs.com/robot/)"
157.55.39.7 - - [07/Dec/2018:08:36:55 -0800] "GET /robots.txt HTTP/1.1" 404 3698 "-" "Mozilla/5.0 (compatible; bingbot/2.0; +http://www.bing.com/bingbot.htm)"
54.36.149.98 - - [07/Dec/2018:08:39:56 -0800] "GET /writers/id/5 HTTP/1.1" 200 5792 "-" "Mozilla/5.0 (compatible; AhrefsBot/5.2; +http://ahrefs.com/robot/)"
5.196.87.68 - - [07/Dec/2018:08:46:40 -0800] "GET /reviews/page/2 HTTP/1.1" 200 10129 "-" "Mozilla/5.0 (compatible; AhrefsBot/5.2; +http://ahrefs.com/robot/)"
54.36.150.156 - - [07/Dec/2018:08:54:22 -0800] "GET /writers/id/2 HTTP/1.1" 200 5793 "-" "Mozilla/5.0 (compatible; AhrefsBot/5.2; +http://ahrefs.com/robot/)"
5.196.87.63 - - [07/Dec/2018:09:01:37 -0800] "GET /writers/id/4 HTTP/1.1" 200 5792 "-" "Mozilla/5.0 (compatible; AhrefsBot/5.2; +http://ahrefs.com/robot/)"
5.196.87.54 - - [07/Dec/2018:09:09:33 -0800] "GET /writers/id/11 HTTP/1.1" 200 5793 "-" "Mozilla/5.0 (compatible; AhrefsBot/5.2; +http://ahrefs.com/robot/)"
66.249.64.91 - - [07/Dec/2018:09:10:51 -0800] "GET /copywriting HTTP/1.1" 200 15400 "-" "Mozilla/5.0 (compatible; Googlebot/2.1; +http://www.google.com/bot.html)"
54.36.150.166 - - [07/Dec/2018:09:16:41 -0800] "GET /writers/id/10 HTTP/1.1" 200 5793 "-" "Mozilla/5.0 (compatible; AhrefsBot/5.2; +http://ahrefs.com/robot/)"
207.46.13.72 - - [07/Dec/2018:09:48:39 -0800] "GET /order?writer_id=5 HTTP/1.1" 200 38184 "-" "Mozilla/5.0 (compatible; bingbot/2.0; +http://www.bing.com/bingbot.htm)"
66.249.64.95 - - [07/Dec/2018:10:26:38 -0800] "GET /math-science HTTP/1.1" 200 15404 "-" "Mozilla/5.0 (compatible; Googlebot/2.1; +http://www.google.com/bot.html)"
151.80.39.185 - - [07/Dec/2018:10:59:24 -0800] "GET /writers/page/1 HTTP/1.1" 200 12478 "-" "Mozilla/5.0 (compatible; AhrefsBot/5.2; +http://ahrefs.com/robot/)"
5.196.87.39 - - [07/Dec/2018:11:07:07 -0800] "GET /writers/id/8 HTTP/1.1" 200 5794 "-" "Mozilla/5.0 (compatible; AhrefsBot/5.2; +http://ahrefs.com/robot/)"
5.196.87.67 - - [07/Dec/2018:11:13:51 -0800] "GET /writers/id/7 HTTP/1.1" 200 5795 "-" "Mozilla/5.0 (compatible; AhrefsBot/5.2; +http://ahrefs.com/robot/)"
5.196.87.6 - - [07/Dec/2018:11:19:00 -0800] "GET /writers/id/6 HTTP/1.1" 200 5795 "-" "Mozilla/5.0 (compatible; AhrefsBot/5.2; +http://ahrefs.com/robot/)"
5.196.87.54 - - [07/Dec/2018:11:24:25 -0800] "GET /writers/page/2 HTTP/1.1" 200 8481 "-" "Mozilla/5.0 (compatible; AhrefsBot/5.2; +http://ahrefs.com/robot/)"
151.80.39.118 - - [07/Dec/2018:11:29:33 -0800] "GET /order?writer_id=4 HTTP/1.1" 200 38192 "-" "Mozilla/5.0 (compatible; AhrefsBot/5.2; +http://ahrefs.com/robot/)"
54.36.150.156 - - [07/Dec/2018:11:34:46 -0800] "GET /order?writer_id=1 HTTP/1.1" 200 38192 "-" "Mozilla/5.0 (compatible; AhrefsBot/5.2; +http://ahrefs.com/robot/)"
66.249.64.95 - - [07/Dec/2018:11:42:25 -0800] "GET /robots.txt HTTP/1.1" 404 3698 "-" "Mozilla/5.0 (compatible; Googlebot/2.1; +http://www.google.com/bot.html)"
66.249.64.93 - - [07/Dec/2018:11:42:25 -0800] "GET /proofreading HTTP/1.1" 200 15404 "-" "Mozilla/5.0 (compatible; Googlebot/2.1; +http://www.google.com/bot.html)"
151.80.39.169 - - [07/Dec/2018:11:44:32 -0800] "GET /prices HTTP/1.1" 200 14112 "-" "Mozilla/5.0 (compatible; AhrefsBot/5.2; +http://ahrefs.com/robot/)"
54.36.150.140 - - [07/Dec/2018:11:54:22 -0800] "GET /order?writer_id=5 HTTP/1.1" 200 38192 "-" "Mozilla/5.0 (compatible; AhrefsBot/5.2; +http://ahrefs.com/robot/)"
5.196.87.34 - - [07/Dec/2018:12:04:46 -0800] "GET /order?writer_id=6 HTTP/1.1" 200 38192 "-" "Mozilla/5.0 (compatible; AhrefsBot/5.2; +http://ahrefs.com/robot/)"
151.80.39.152 - - [07/Dec/2018:12:14:59 -0800] "GET /order?writer_id=9 HTTP/1.1" 200 38192 "-" "Mozilla/5.0 (compatible; AhrefsBot/5.2; +http://ahrefs.com/robot/)"
151.80.39.157 - - [07/Dec/2018:12:20:06 -0800] "GET /order?writer_id=2 HTTP/1.1" 200 38192 "-" "Mozilla/5.0 (compatible; AhrefsBot/5.2; +http://ahrefs.com/robot/)"
151.80.39.161 - - [07/Dec/2018:12:25:35 -0800] "GET /writing-service HTTP/1.1" 200 16733 "-" "Mozilla/5.0 (compatible; AhrefsBot/5.2; +http://ahrefs.com/robot/)"
151.80.39.102 - - [07/Dec/2018:12:30:53 -0800] "GET /sample HTTP/1.1" 200 18870 "-" "Mozilla/5.0 (compatible; AhrefsBot/5.2; +http://ahrefs.com/robot/)"
66.249.64.95 - - [07/Dec/2018:12:58:12 -0800] "GET /writing-service HTTP/1.1" 200 16721 "-" "Mozilla/5.0 (compatible; Googlebot/2.1; +http://www.google.com/bot.html)"
157.55.39.7 - - [07/Dec/2018:13:03:46 -0800] "GET /robots.txt HTTP/1.1" 404 3698 "-" "Mozilla/5.0 (compatible; bingbot/2.0; +http://www.bing.com/bingbot.htm)"
66.249.64.95 - - [07/Dec/2018:13:55:14 -0800] "GET /ads.txt HTTP/1.1" 404 3698 "-" "Mozilla/5.0 (compatible; Googlebot/2.1; +http://www.google.com/bot.html)"
37.115.184.19 - - [07/Dec/2018:13:56:28 -0800] "GET / HTTP/1.1" 200 10129 "-" "Mozilla/5.0 (Windows NT 10.0; Win64; x64) AppleWebKit/537.36 (KHTML, like Gecko) Chrome/63.0.3239.132 Safari/537.36"
37.115.184.19 - - [07/Dec/2018:13:56:29 -0800] "GET /wp-includes/wlwmanifest.xml HTTP/1.1" 404 3698 "-" "Mozilla/5.0 (Windows NT 10.0; Win64; x64) AppleWebKit/537.36 (KHTML, like Gecko) Chrome/63.0.3239.132 Safari/537.36"
37.115.184.19 - - [07/Dec/2018:13:56:29 -0800] "GET /xmlrpc.php?rsd HTTP/1.1" 404 36 "-" "Mozilla/5.0 (Windows NT 10.0; Win64; x64) AppleWebKit/537.36 (KHTML, like Gecko) Chrome/63.0.3239.132 Safari/537.36"
37.115.184.19 - - [07/Dec/2018:13:56:29 -0800] "GET / HTTP/1.1" 200 10129 "-" "Mozilla/5.0 (Windows NT 10.0; Win64; x64) AppleWebKit/537.36 (KHTML, like Gecko) Chrome/63.0.3239.132 Safari/537.36"
37.115.184.19 - - [07/Dec/2018:13:56:30 -0800] "GET /blog/wp-includes/wlwmanifest.xml HTTP/1.1" 404 3698 "-" "Mozilla/5.0 (Windows NT 10.0; Win64; x64) AppleWebKit/537.36 (KHTML, like Gecko) Chrome/63.0.3239.132 Safari/537.36"
37.115.184.19 - - [07/Dec/2018:13:56:30 -0800] "GET /wordpress/wp-includes/wlwmanifest.xml HTTP/1.1" 404 3698 "-" "Mozilla/5.0 (Windows NT 10.0; Win64; x64) AppleWebKit/537.36 (KHTML, like Gecko) Chrome/63.0.3239.132 Safari/537.36"
37.115.184.19 - - [07/Dec/2018:13:56:31 -0800] "GET /wp/wp-includes/wlwmanifest.xml HTTP/1.1" 404 3698 "-" "Mozilla/5.0 (Windows NT 10.0; Win64; x64) AppleWebKit/537.36 (KHTML, like Gecko) Chrome/63.0.3239.132 Safari/537.36"
37.115.184.19 - - [07/Dec/2018:13:56:31 -0800] "GET /site/wp-includes/wlwmanifest.xml HTTP/1.1" 404 3698 "-" "Mozilla/5.0 (Windows NT 10.0; Win64; x64) AppleWebKit/537.36 (KHTML, like Gecko) Chrome/63.0.3239.132 Safari/537.36"
37.115.184.19 - - [07/Dec/2018:13:56:32 -0800] "GET /cms/wp-includes/wlwmanifest.xml HTTP/1.1" 404 3698 "-" "Mozilla/5.0 (Windows NT 10.0; Win64; x64) AppleWebKit/537.36 (KHTML, like Gecko) Chrome/63.0.3239.132 Safari/537.36"
54.36.150.153 - - [07/Dec/2018:14:00:27 -0800] "GET /order?writer_id=7 HTTP/1.1" 200 38192 "-" "Mozilla/5.0 (compatible; AhrefsBot/5.2; +http://ahrefs.com/robot/)"
157.55.39.58 - - [07/Dec/2018:14:03:56 -0800] "GET /prices HTTP/1.1" 200 14100 "-" "Mozilla/5.0 (compatible; bingbot/2.0; +http://www.bing.com/bingbot.htm)"
5.196.87.2 - - [07/Dec/2018:14:10:05 -0800] "GET /order?writer_id=10 HTTP/1.1" 200 38194 "-" "Mozilla/5.0 (compatible; AhrefsBot/5.2; +http://ahrefs.com/robot/)"
66.249.64.91 - - [07/Dec/2018:14:13:59 -0800] "GET /writers/id/7 HTTP/1.1" 200 5783 "-" "Mozilla/5.0 (compatible; Googlebot/2.1; +http://www.google.com/bot.html)"
151.80.39.120 - - [07/Dec/2018:14:20:06 -0800] "GET /order?writer_id=8 HTTP/1.1" 200 38192 "-" "Mozilla/5.0 (compatible; AhrefsBot/5.2; +http://ahrefs.com/robot/)"
54.36.150.152 - - [07/Dec/2018:14:29:40 -0800] "GET /reviews HTTP/1.1" 200 10129 "-" "Mozilla/5.0 (compatible; AhrefsBot/5.2; +http://ahrefs.com/robot/)"
207.46.13.20 - - [07/Dec/2018:14:33:26 -0800] "GET /writers/id/5 HTTP/1.1" 200 5780 "-" "Mozilla/5.0 (compatible; bingbot/2.0; +http://www.bing.com/bingbot.htm)"
54.36.150.140 - - [07/Dec/2018:14:38:53 -0800] "GET /writers HTTP/1.1" 200 12469 "-" "Mozilla/5.0 (compatible; AhrefsBot/5.2; +http://ahrefs.com/robot/)"
54.36.150.159 - - [07/Dec/2018:14:44:13 -0800] "GET /proofreading HTTP/1.1" 200 15416 "-" "Mozilla/5.0 (compatible; AhrefsBot/5.2; +http://ahrefs.com/robot/)"
54.36.150.140 - - [07/Dec/2018:14:54:01 -0800] "GET /rewriting HTTP/1.1" 200 17273 "-" "Mozilla/5.0 (compatible; AhrefsBot/5.2; +http://ahrefs.com/robot/)"
151.80.39.170 - - [07/Dec/2018:15:04:47 -0800] "GET /order?writer_id=11 HTTP/1.1" 200 38194 "-" "Mozilla/5.0 (compatible; AhrefsBot/5.2; +http://ahrefs.com/robot/)"
157.55.39.60 - - [07/Dec/2018:15:06:55 -0800] "GET /math-science HTTP/1.1" 200 15404 "-" "Mozilla/5.0 (compatible; bingbot/2.0; +http://www.bing.com/bingbot.htm)"
157.55.39.60 - - [07/Dec/2018:15:06:58 -0800] "GET /order?writer_id=10 HTTP/1.1" 200 38186 "-" "Mozilla/5.0 (compatible; bingbot/2.0; +http://www.bing.com/bingbot.htm)"
66.249.64.203 - - [07/Dec/2018:15:26:05 -0800] "GET /robots.txt HTTP/1.1" 404 3706 "-" "Mozilla/5.0 (compatible; Googlebot/2.1; +http://www.google.com/bot.html)"
66.249.64.203 - - [07/Dec/2018:15:26:05 -0800] "GET / HTTP/1.1" 200 10137 "-" "Mozilla/5.0 (compatible; Googlebot/2.1; +http://www.google.com/bot.html)"
66.249.64.93 - - [07/Dec/2018:15:29:46 -0800] "GET /writers/id/2 HTTP/1.1" 200 5781 "-" "Mozilla/5.0 (compatible; Googlebot/2.1; +http://www.google.com/bot.html)"
66.249.64.199 - - [07/Dec/2018:15:35:44 -0800] "GET /math-science HTTP/1.1" 200 15416 "-" "Mozilla/5.0 (Linux; Android 6.0.1; Nexus 5X Build/MMB29P) AppleWebKit/537.36 (KHTML, like Gecko) Chrome/41.0.2272.96 Mobile Safari/537.36 (compatible; Googlebot/2.1; +http://www.google.com/bot.html)"
66.249.64.95 - - [07/Dec/2018:16:45:33 -0800] "GET /writers/id/9 HTTP/1.1" 200 5779 "-" "Mozilla/5.0 (compatible; Googlebot/2.1; +http://www.google.com/bot.html)"
66.249.64.93 - - [07/Dec/2018:18:01:20 -0800] "GET /writers/id/6 HTTP/1.1" 200 5783 "-" "Mozilla/5.0 (compatible; Googlebot/2.1; +http://www.google.com/bot.html)"
207.180.223.28 - - [07/Dec/2018:18:07:55 -0800] "GET /robots.txt HTTP/1.1" 404 3698 "-" "Mozilla/5.0 (compatible; MJ12bot/v1.4.8; http://mj12bot.com/)"
207.180.223.28 - - [07/Dec/2018:18:08:00 -0800] "GET / HTTP/1.1" 200 10129 "-" "Mozilla/5.0 (compatible; MJ12bot/v1.4.8; http://mj12bot.com/)"
178.235.209.72 - - [07/Dec/2018:18:32:46 -0800] "GET / HTTP/1.1" 200 10129 "-" "Mozilla/5.0 (Windows NT 10.0; Win64; x64) AppleWebKit/537.36 (KHTML, like Gecko) Chrome/60.0.3112.113 Safari/537.36"
23.103.64.39 - - [07/Dec/2018:19:01:00 -0800] "GET /writers/page/1 HTTP/1.1" 200 12430 "-" "Mozilla/5.0 (compatible; bingbot/2.0; +http://www.bing.com/bingbot.htm)"
66.249.64.95 - - [07/Dec/2018:19:17:07 -0800] "GET /writers/id/4 HTTP/1.1" 200 5780 "-" "Mozilla/5.0 (compatible; Googlebot/2.1; +http://www.google.com/bot.html)"
40.77.167.47 - - [07/Dec/2018:19:31:46 -0800] "GET / HTTP/1.1" 200 10129 "-" "Mozilla/5.0 (compatible; bingbot/2.0; +http://www.bing.com/bingbot.htm)"
66.249.64.93 - - [07/Dec/2018:19:48:05 -0800] "GET / HTTP/1.1" 200 10129 "-" "Mozilla/5.0 (compatible; Googlebot/2.1; +http://www.google.com/bot.html)"
66.249.64.93 - - [07/Dec/2018:20:32:54 -0800] "GET /writers/id/1 HTTP/1.1" 200 5780 "-" "Mozilla/5.0 (compatible; Googlebot/2.1; +http://www.google.com/bot.html)"
66.249.64.95 - - [07/Dec/2018:21:47:39 -0800] "GET /writers/id/8 HTTP/1.1" 200 5782 "-" "Mozilla/5.0 (compatible; Googlebot/2.1; +http://www.google.com/bot.html)"
66.249.64.95 - - [07/Dec/2018:23:03:30 -0800] "GET /writers/id/5 HTTP/1.1" 200 5780 "-" "Mozilla/5.0 (compatible; Googlebot/2.1; +http://www.google.com/bot.html)"
52.53.201.78 - - [07/Dec/2018:23:23:17 -0800] "GET / HTTP/1.1" 200 10137 "-" "Mozilla/5.0 (Macintosh; Intel Mac OS X 10_12_6) AppleWebKit/537.36 (KHTML, like Gecko) Chrome/61.0.3163.100 Safari/537.36"
66.249.64.91 - - [08/Dec/2018:00:19:13 -0800] "GET /robots.txt HTTP/1.1" 404 3698 "-" "Mozilla/5.0 (compatible; Googlebot/2.1; +http://www.google.com/bot.html)"
66.249.64.93 - - [08/Dec/2018:00:19:14 -0800] "GET /writers/id/11 HTTP/1.1" 200 5781 "-" "Mozilla/5.0 (compatible; Googlebot/2.1; +http://www.google.com/bot.html)"
116.109.16.84 - - [08/Dec/2018:00:26:43 -0800] "GET / HTTP/1.1" 200 10129 "-" "Mozilla/5.0 (Windows NT 10.0; Win64; x64) AppleWebKit/537.36 (KHTML, like Gecko) Chrome/64.0.3282.140 Safari/537.36 Edge/17.17134"
116.109.16.84 - - [08/Dec/2018:00:26:43 -0800] "GET /css/site.css HTTP/1.1" 200 29895 "http://vietyoung.net/" "Mozilla/5.0 (Windows NT 10.0; Win64; x64) AppleWebKit/537.36 (KHTML, like Gecko) Chrome/64.0.3282.140 Safari/537.36 Edge/17.17134"
116.109.16.84 - - [08/Dec/2018:00:26:44 -0800] "GET /css/main.css HTTP/1.1" 200 7997 "http://vietyoung.net/" "Mozilla/5.0 (Windows NT 10.0; Win64; x64) AppleWebKit/537.36 (KHTML, like Gecko) Chrome/64.0.3282.140 Safari/537.36 Edge/17.17134"
116.109.16.84 - - [08/Dec/2018:00:26:44 -0800] "GET /css/bootstrap-rating.css HTTP/1.1" 200 249 "http://vietyoung.net/" "Mozilla/5.0 (Windows NT 10.0; Win64; x64) AppleWebKit/537.36 (KHTML, like Gecko) Chrome/64.0.3282.140 Safari/537.36 Edge/17.17134"
116.109.16.84 - - [08/Dec/2018:00:26:44 -0800] "GET /assets/d4188db9/css/bootstrap.css HTTP/1.1" 200 146010 "http://vietyoung.net/" "Mozilla/5.0 (Windows NT 10.0; Win64; x64) AppleWebKit/537.36 (KHTML, like Gecko) Chrome/64.0.3282.140 Safari/537.36 Edge/17.17134"
116.109.16.84 - - [08/Dec/2018:00:26:44 -0800] "GET /assets/4a717bef/yii.js HTTP/1.1" 200 20203 "http://vietyoung.net/" "Mozilla/5.0 (Windows NT 10.0; Win64; x64) AppleWebKit/537.36 (KHTML, like Gecko) Chrome/64.0.3282.140 Safari/537.36 Edge/17.17134"
116.109.16.84 - - [08/Dec/2018:00:26:44 -0800] "GET /js/site.js HTTP/1.1" 200 17114 "http://vietyoung.net/" "Mozilla/5.0 (Windows NT 10.0; Win64; x64) AppleWebKit/537.36 (KHTML, like Gecko) Chrome/64.0.3282.140 Safari/537.36 Edge/17.17134"
116.109.16.84 - - [08/Dec/2018:00:26:44 -0800] "GET /js/bootstrap-rating.js HTTP/1.1" 200 10107 "http://vietyoung.net/" "Mozilla/5.0 (Windows NT 10.0; Win64; x64) AppleWebKit/537.36 (KHTML, like Gecko) Chrome/64.0.3282.140 Safari/537.36 Edge/17.17134"
116.109.16.84 - - [08/Dec/2018:00:26:44 -0800] "GET /assets/d4188db9/js/bootstrap.js HTTP/1.1" 200 69707 "http://vietyoung.net/" "Mozilla/5.0 (Windows NT 10.0; Win64; x64) AppleWebKit/537.36 (KHTML, like Gecko) Chrome/64.0.3282.140 Safari/537.36 Edge/17.17134"
116.109.16.84 - - [08/Dec/2018:00:26:44 -0800] "GET /assets/d4188db9/fonts/glyphicons-halflings-regular.woff2 HTTP/1.1" 404 3698 "http://vietyoung.net/" "Mozilla/5.0 (Windows NT 10.0; Win64; x64) AppleWebKit/537.36 (KHTML, like Gecko) Chrome/64.0.3282.140 Safari/537.36 Edge/17.17134"
116.109.16.84 - - [08/Dec/2018:00:26:44 -0800] "GET /assets/1b6234be/jquery.js HTTP/1.1" 200 268039 "http://vietyoung.net/" "Mozilla/5.0 (Windows NT 10.0; Win64; x64) AppleWebKit/537.36 (KHTML, like Gecko) Chrome/64.0.3282.140 Safari/537.36 Edge/17.17134"
116.109.16.84 - - [08/Dec/2018:00:26:44 -0800] "GET /css/util.css HTTP/1.1" 200 86814 "http://vietyoung.net/" "Mozilla/5.0 (Windows NT 10.0; Win64; x64) AppleWebKit/537.36 (KHTML, like Gecko) Chrome/64.0.3282.140 Safari/537.36 Edge/17.17134"
116.109.16.84 - - [08/Dec/2018:00:26:45 -0800] "GET /assets/d4188db9/fonts/glyphicons-halflings-regular.woff HTTP/1.1" 404 3698 "http://vietyoung.net/" "Mozilla/5.0 (Windows NT 10.0; Win64; x64) AppleWebKit/537.36 (KHTML, like Gecko) Chrome/64.0.3282.140 Safari/537.36 Edge/17.17134"
116.109.16.84 - - [08/Dec/2018:00:26:45 -0800] "GET /assets/d4188db9/fonts/glyphicons-halflings-regular.ttf HTTP/1.1" 404 3698 "http://vietyoung.net/" "Mozilla/5.0 (Windows NT 10.0; Win64; x64) AppleWebKit/537.36 (KHTML, like Gecko) Chrome/64.0.3282.140 Safari/537.36 Edge/17.17134"
116.109.16.84 - - [08/Dec/2018:00:26:45 -0800] "GET /favicon.ico HTTP/1.1" 200 318 "-" "Mozilla/5.0 (Windows NT 10.0; Win64; x64) AppleWebKit/537.36 (KHTML, like Gecko) Chrome/64.0.3282.140 Safari/537.36 Edge/17.17134"
116.109.16.84 - - [08/Dec/2018:00:26:49 -0800] "GET /order HTTP/1.1" 200 38162 "http://vietyoung.net/" "Mozilla/5.0 (Windows NT 10.0; Win64; x64) AppleWebKit/537.36 (KHTML, like Gecko) Chrome/64.0.3282.140 Safari/537.36 Edge/17.17134"
116.109.16.84 - - [08/Dec/2018:00:26:49 -0800] "GET /assets/d4188db9/fonts/glyphicons-halflings-regular.woff2 HTTP/1.1" 404 3698 "http://vietyoung.net/order" "Mozilla/5.0 (Windows NT 10.0; Win64; x64) AppleWebKit/537.36 (KHTML, like Gecko) Chrome/64.0.3282.140 Safari/537.36 Edge/17.17134"
116.109.16.84 - - [08/Dec/2018:00:26:49 -0800] "GET /assets/4a717bef/yii.activeForm.js HTTP/1.1" 200 32614 "http://vietyoung.net/order" "Mozilla/5.0 (Windows NT 10.0; Win64; x64) AppleWebKit/537.36 (KHTML, like Gecko) Chrome/64.0.3282.140 Safari/537.36 Edge/17.17134"
116.109.16.84 - - [08/Dec/2018:00:26:49 -0800] "GET /assets/4a717bef/yii.validation.js HTTP/1.1" 200 15760 "http://vietyoung.net/order" "Mozilla/5.0 (Windows NT 10.0; Win64; x64) AppleWebKit/537.36 (KHTML, like Gecko) Chrome/64.0.3282.140 Safari/537.36 Edge/17.17134"
116.109.16.84 - - [08/Dec/2018:00:26:50 -0800] "GET /assets/d4188db9/fonts/glyphicons-halflings-regular.woff HTTP/1.1" 404 3698 "http://vietyoung.net/order" "Mozilla/5.0 (Windows NT 10.0; Win64; x64) AppleWebKit/537.36 (KHTML, like Gecko) Chrome/64.0.3282.140 Safari/537.36 Edge/17.17134"
116.109.16.84 - - [08/Dec/2018:00:26:50 -0800] "GET /assets/d4188db9/fonts/glyphicons-halflings-regular.ttf HTTP/1.1" 404 3698 "http://vietyoung.net/order" "Mozilla/5.0 (Windows NT 10.0; Win64; x64) AppleWebKit/537.36 (KHTML, like Gecko) Chrome/64.0.3282.140 Safari/537.36 Edge/17.17134"
116.109.16.84 - - [08/Dec/2018:00:27:16 -0800] "POST /order HTTP/1.1" 200 73 "http://vietyoung.net/order" "Mozilla/5.0 (Windows NT 10.0; Win64; x64) AppleWebKit/537.36 (KHTML, like Gecko) Chrome/64.0.3282.140 Safari/537.36 Edge/17.17134"
116.109.16.84 - - [08/Dec/2018:00:27:38 -0800] "POST /order HTTP/1.1" 200 73 "http://vietyoung.net/order" "Mozilla/5.0 (Windows NT 10.0; Win64; x64) AppleWebKit/537.36 (KHTML, like Gecko) Chrome/64.0.3282.140 Safari/537.36 Edge/17.17134"
116.109.16.84 - - [08/Dec/2018:00:27:40 -0800] "GET /assets/img/bg-img/img_atm.png HTTP/1.1" 200 6923 "http://vietyoung.net/order" "Mozilla/5.0 (Windows NT 10.0; Win64; x64) AppleWebKit/537.36 (KHTML, like Gecko) Chrome/64.0.3282.140 Safari/537.36 Edge/17.17134"
116.109.16.84 - - [08/Dec/2018:00:27:40 -0800] "GET /assets/img/bg-img/safe-pay-1.png HTTP/1.1" 200 6554 "http://vietyoung.net/order" "Mozilla/5.0 (Windows NT 10.0; Win64; x64) AppleWebKit/537.36 (KHTML, like Gecko) Chrome/64.0.3282.140 Safari/537.36 Edge/17.17134"
116.109.16.84 - - [08/Dec/2018:00:27:59 -0800] "POST /site/order HTTP/1.1" 200 49 "http://vietyoung.net/order" "Mozilla/5.0 (Windows NT 10.0; Win64; x64) AppleWebKit/537.36 (KHTML, like Gecko) Chrome/64.0.3282.140 Safari/537.36 Edge/17.17134"
116.109.16.84 - - [08/Dec/2018:00:28:12 -0800] "POST /site/order HTTP/1.1" 200 52 "http://vietyoung.net/order" "Mozilla/5.0 (Windows NT 10.0; Win64; x64) AppleWebKit/537.36 (KHTML, like Gecko) Chrome/64.0.3282.140 Safari/537.36 Edge/17.17134"
116.109.16.84 - - [08/Dec/2018:00:28:16 -0800] "POST /login HTTP/1.1" 200 4482 "http://vietyoung.net/order" "Mozilla/5.0 (Windows NT 10.0; Win64; x64) AppleWebKit/537.36 (KHTML, like Gecko) Chrome/64.0.3282.140 Safari/537.36 Edge/17.17134"
116.109.16.84 - - [08/Dec/2018:00:28:26 -0800] "POST /login HTTP/1.1" 200 63 "http://vietyoung.net/order" "Mozilla/5.0 (Windows NT 10.0; Win64; x64) AppleWebKit/537.36 (KHTML, like Gecko) Chrome/64.0.3282.140 Safari/537.36 Edge/17.17134"
116.109.16.84 - - [08/Dec/2018:00:28:31 -0800] "POST /login HTTP/1.1" 302 5 "http://vietyoung.net/order" "Mozilla/5.0 (Windows NT 10.0; Win64; x64) AppleWebKit/537.36 (KHTML, like Gecko) Chrome/64.0.3282.140 Safari/537.36 Edge/17.17134"
116.109.16.84 - - [08/Dec/2018:00:28:32 -0800] "GET /order HTTP/1.1" 200 38913 "http://vietyoung.net/order" "Mozilla/5.0 (Windows NT 10.0; Win64; x64) AppleWebKit/537.36 (KHTML, like Gecko) Chrome/64.0.3282.140 Safari/537.36 Edge/17.17134"
116.109.16.84 - - [08/Dec/2018:00:28:32 -0800] "GET /order HTTP/1.1" 200 38913 "http://vietyoung.net/order" "Mozilla/5.0 (Windows NT 10.0; Win64; x64) AppleWebKit/537.36 (KHTML, like Gecko) Chrome/64.0.3282.140 Safari/537.36 Edge/17.17134"
116.109.16.84 - - [08/Dec/2018:00:28:32 -0800] "GET /assets/d4188db9/fonts/glyphicons-halflings-regular.woff2 HTTP/1.1" 404 4638 "http://vietyoung.net/order" "Mozilla/5.0 (Windows NT 10.0; Win64; x64) AppleWebKit/537.36 (KHTML, like Gecko) Chrome/64.0.3282.140 Safari/537.36 Edge/17.17134"
116.109.16.84 - - [08/Dec/2018:00:28:33 -0800] "GET /assets/d4188db9/fonts/glyphicons-halflings-regular.woff HTTP/1.1" 404 4638 "http://vietyoung.net/order" "Mozilla/5.0 (Windows NT 10.0; Win64; x64) AppleWebKit/537.36 (KHTML, like Gecko) Chrome/64.0.3282.140 Safari/537.36 Edge/17.17134"
116.109.16.84 - - [08/Dec/2018:00:28:33 -0800] "GET /assets/d4188db9/fonts/glyphicons-halflings-regular.ttf HTTP/1.1" 404 4638 "http://vietyoung.net/order" "Mozilla/5.0 (Windows NT 10.0; Win64; x64) AppleWebKit/537.36 (KHTML, like Gecko) Chrome/64.0.3282.140 Safari/537.36 Edge/17.17134"
116.109.16.84 - - [08/Dec/2018:00:28:39 -0800] "GET /profile HTTP/1.1" 200 8273 "http://vietyoung.net/order" "Mozilla/5.0 (Windows NT 10.0; Win64; x64) AppleWebKit/537.36 (KHTML, like Gecko) Chrome/64.0.3282.140 Safari/537.36 Edge/17.17134"
77.88.47.53 - - [08/Dec/2018:00:51:20 -0800] "GET /robots.txt HTTP/1.1" 404 3698 "-" "Mozilla/5.0 (compatible; YandexBot/3.0; +http://yandex.com/bots)"
77.88.47.53 - - [08/Dec/2018:00:51:24 -0800] "GET /order?writer_id=7 HTTP/1.1" 200 38184 "-" "Mozilla/5.0 (compatible; YandexBot/3.0; +http://yandex.com/bots)"
77.88.47.71 - - [08/Dec/2018:01:06:59 -0800] "GET / HTTP/1.1" 200 10129 "-" "Mozilla/5.0 (compatible; YandexBot/3.0; +http://yandex.com/bots)"
40.77.167.47 - - [08/Dec/2018:01:17:55 -0800] "GET /order?writer_id=8 HTTP/1.1" 200 38184 "-" "Mozilla/5.0 (compatible; bingbot/2.0; +http://www.bing.com/bingbot.htm)"
66.249.64.95 - - [08/Dec/2018:01:35:04 -0800] "GET /writers/id/10 HTTP/1.1" 200 5781 "-" "Mozilla/5.0 (compatible; Googlebot/2.1; +http://www.google.com/bot.html)"
66.249.64.91 - - [08/Dec/2018:02:50:47 -0800] "GET /writers/page/1 HTTP/1.1" 200 12430 "-" "Mozilla/5.0 (compatible; Googlebot/2.1; +http://www.google.com/bot.html)"
66.249.64.95 - - [08/Dec/2018:04:06:34 -0800] "GET /writers/page/2 HTTP/1.1" 200 8465 "-" "Mozilla/5.0 (compatible; Googlebot/2.1; +http://www.google.com/bot.html)"
95.163.255.156 - - [08/Dec/2018:04:27:45 -0800] "GET /robots.txt HTTP/1.0" 404 3686 "-" "Mozilla/5.0 (compatible; Linux x86_64; Mail.RU_Bot/2.0; +http://go.mail.ru/help/robots)"
95.163.255.151 - - [08/Dec/2018:04:27:46 -0800] "GET /story/truyen-cuoi/em-di-cho-tinh-sapa.html HTTP/1.1" 404 3698 "-" "Mozilla/5.0 (compatible; Linux x86_64; Mail.RU_Bot/2.0; +http://go.mail.ru/help/robots)"
66.249.64.93 - - [08/Dec/2018:05:22:22 -0800] "GET /order?writer_id=7 HTTP/1.1" 200 38184 "-" "Mozilla/5.0 (compatible; Googlebot/2.1; +http://www.google.com/bot.html)"
66.249.64.199 - - [08/Dec/2018:06:00:14 -0800] "GET /robots.txt HTTP/1.1" 404 3706 "-" "Mozilla/5.0 (compatible; Googlebot/2.1; +http://www.google.com/bot.html)"
66.249.64.203 - - [08/Dec/2018:06:00:15 -0800] "GET / HTTP/1.1" 200 10137 "-" "Mozilla/5.0 (Linux; Android 6.0.1; Nexus 5X Build/MMB29P) AppleWebKit/537.36 (KHTML, like Gecko) Chrome/41.0.2272.96 Mobile Safari/537.36 (compatible; Googlebot/2.1; +http://www.google.com/bot.html)"
66.249.64.203 - - [08/Dec/2018:06:30:19 -0800] "GET / HTTP/1.1" 200 10137 "-" "Mozilla/5.0 (compatible; Googlebot/2.1; +http://www.google.com/bot.html)"
66.249.64.91 - - [08/Dec/2018:06:38:08 -0800] "GET /order?writer_id=1 HTTP/1.1" 200 38184 "-" "Mozilla/5.0 (compatible; Googlebot/2.1; +http://www.google.com/bot.html)"
66.249.64.95 - - [08/Dec/2018:06:51:22 -0800] "GET / HTTP/1.1" 200 10129 "-" "Mozilla/5.0 (compatible; Googlebot/2.1; +http://www.google.com/bot.html)"
66.249.64.91 - - [08/Dec/2018:06:51:23 -0800] "GET /assets/4a717bef/yii.js HTTP/1.1" 200 20203 "http://vietyoung.net/" "Mozilla/5.0 AppleWebKit/537.36 (KHTML, like Gecko; compatible; Googlebot/2.1; +http://www.google.com/bot.html) Safari/537.36"
66.249.64.95 - - [08/Dec/2018:07:53:55 -0800] "GET /order?writer_id=8 HTTP/1.1" 200 38184 "-" "Mozilla/5.0 (compatible; Googlebot/2.1; +http://www.google.com/bot.html)"
66.249.64.91 - - [08/Dec/2018:09:09:42 -0800] "GET /order?writer_id=9 HTTP/1.1" 200 38184 "-" "Mozilla/5.0 (compatible; Googlebot/2.1; +http://www.google.com/bot.html)"
66.249.64.95 - - [08/Dec/2018:10:11:16 -0800] "GET /ads.txt HTTP/1.1" 404 3698 "-" "Mozilla/5.0 (compatible; Googlebot/2.1; +http://www.google.com/bot.html)"
66.249.64.93 - - [08/Dec/2018:10:25:33 -0800] "GET /order?writer_id=2 HTTP/1.1" 200 38184 "-" "Mozilla/5.0 (compatible; Googlebot/2.1; +http://www.google.com/bot.html)"
77.88.47.53 - - [08/Dec/2018:11:16:28 -0800] "GET /robots.txt HTTP/1.1" 404 3698 "-" "Mozilla/5.0 (compatible; YandexBot/3.0; +http://yandex.com/bots)"
77.88.47.53 - - [08/Dec/2018:11:16:32 -0800] "GET /order?writer_id=4 HTTP/1.1" 200 38184 "-" "Mozilla/5.0 (compatible; YandexBot/3.0; +http://yandex.com/bots)"
66.249.64.93 - - [08/Dec/2018:11:41:17 -0800] "GET /order?writer_id=6 HTTP/1.1" 200 38184 "-" "Mozilla/5.0 (compatible; Googlebot/2.1; +http://www.google.com/bot.html)"
66.249.64.93 - - [08/Dec/2018:12:57:03 -0800] "GET /robots.txt HTTP/1.1" 404 3698 "-" "Mozilla/5.0 (compatible; Googlebot/2.1; +http://www.google.com/bot.html)"
66.249.64.91 - - [08/Dec/2018:12:57:04 -0800] "GET /order?writer_id=5 HTTP/1.1" 200 38184 "-" "Mozilla/5.0 (compatible; Googlebot/2.1; +http://www.google.com/bot.html)"
66.249.64.93 - - [08/Dec/2018:14:12:50 -0800] "GET /order?writer_id=4 HTTP/1.1" 200 38184 "-" "Mozilla/5.0 (compatible; Googlebot/2.1; +http://www.google.com/bot.html)"
66.249.64.95 - - [08/Dec/2018:15:28:37 -0800] "GET /order?writer_id=10 HTTP/1.1" 200 38186 "-" "Mozilla/5.0 (compatible; Googlebot/2.1; +http://www.google.com/bot.html)"
66.249.64.201 - - [08/Dec/2018:15:32:48 -0800] "GET / HTTP/1.1" 200 10137 "-" "Mozilla/5.0 (Linux; Android 6.0.1; Nexus 5X Build/MMB29P) AppleWebKit/537.36 (KHTML, like Gecko) Chrome/41.0.2272.96 Mobile Safari/537.36 (compatible; Googlebot/2.1; +http://www.google.com/bot.html)"
77.88.47.53 - - [08/Dec/2018:15:40:50 -0800] "GET /robots.txt HTTP/1.1" 404 3698 "-" "Mozilla/5.0 (compatible; YandexBot/3.0; +http://yandex.com/bots)"
77.88.47.53 - - [08/Dec/2018:15:40:54 -0800] "GET /order?writer_id=10 HTTP/1.1" 200 38186 "-" "Mozilla/5.0 (compatible; YandexBot/3.0; +http://yandex.com/bots)"
66.249.64.203 - - [08/Dec/2018:16:33:21 -0800] "GET / HTTP/1.1" 200 10137 "-" "Mozilla/5.0 (compatible; Googlebot/2.1; +http://www.google.com/bot.html)"
66.249.64.95 - - [08/Dec/2018:16:44:24 -0800] "GET /order?writer_id=11 HTTP/1.1" 200 38186 "-" "Mozilla/5.0 (compatible; Googlebot/2.1; +http://www.google.com/bot.html)"
66.249.64.95 - - [08/Dec/2018:17:02:54 -0800] "GET / HTTP/1.1" 200 10129 "-" "Mozilla/5.0 (compatible; Googlebot/2.1; +http://www.google.com/bot.html)"
66.249.64.95 - - [08/Dec/2018:18:00:12 -0800] "GET /order?service_id=1&paper_id=1&subject_id=1&urgency_type_id=1&currency=30 HTTP/1.1" 200 38218 "-" "Mozilla/5.0 (compatible; Googlebot/2.1; +http://www.google.com/bot.html)"
77.88.47.53 - - [08/Dec/2018:18:40:31 -0800] "GET /robots.txt HTTP/1.1" 404 3698 "-" "Mozilla/5.0 (compatible; YandexBot/3.0; +http://yandex.com/bots)"
77.88.47.53 - - [08/Dec/2018:18:40:34 -0800] "GET /writers/id/11 HTTP/1.1" 200 5781 "-" "Mozilla/5.0 (compatible; YandexBot/3.0; +http://yandex.com/bots)"
66.249.64.91 - - [08/Dec/2018:19:15:58 -0800] "GET /writers/id/3 HTTP/1.1" 200 5782 "-" "Mozilla/5.0 (compatible; Googlebot/2.1; +http://www.google.com/bot.html)"
66.249.64.91 - - [08/Dec/2018:20:31:45 -0800] "GET /writers/id/12 HTTP/1.1" 200 5784 "-" "Mozilla/5.0 (compatible; Googlebot/2.1; +http://www.google.com/bot.html)"
66.249.64.95 - - [08/Dec/2018:21:47:32 -0800] "GET /site/order?writer_id=2 HTTP/1.1" 200 38189 "-" "Mozilla/5.0 (compatible; Googlebot/2.1; +http://www.google.com/bot.html)"
77.88.47.53 - - [08/Dec/2018:22:04:59 -0800] "GET /robots.txt HTTP/1.1" 404 3698 "-" "Mozilla/5.0 (compatible; YandexBot/3.0; +http://yandex.com/bots)"
77.88.47.53 - - [08/Dec/2018:22:05:03 -0800] "GET /order?writer_id=9 HTTP/1.1" 200 38184 "-" "Mozilla/5.0 (compatible; YandexBot/3.0; +http://yandex.com/bots)"
47.92.90.246 - - [08/Dec/2018:22:08:23 -0800] "GET /wordpress/wp-admin/ HTTP/1.1" 404 3706 "-" "-"
77.88.47.71 - - [08/Dec/2018:22:32:13 -0800] "GET /editing HTTP/1.1" 200 15405 "-" "Mozilla/5.0 (compatible; YandexBot/3.0; +http://yandex.com/bots)"
66.249.64.93 - - [08/Dec/2018:23:03:19 -0800] "GET /site/order?writer_id=4 HTTP/1.1" 200 38189 "-" "Mozilla/5.0 (compatible; Googlebot/2.1; +http://www.google.com/bot.html)"
66.249.64.93 - - [09/Dec/2018:00:19:06 -0800] "GET /site/order?writer_id=8 HTTP/1.1" 200 38189 "-" "Mozilla/5.0 (compatible; Googlebot/2.1; +http://www.google.com/bot.html)"
66.249.64.95 - - [09/Dec/2018:00:30:47 -0800] "GET /js/site.js HTTP/1.1" 200 17114 "http://vietyoung.net/site/" "Mozilla/5.0 (Linux; Android 6.0.1; Nexus 5X Build/MMB29P) AppleWebKit/537.36 (KHTML, like Gecko) Chrome/41.0.2272.96 Mobile Safari/537.36 (compatible; Googlebot/2.1; +http://www.google.com/bot.html)"
66.249.64.91 - - [09/Dec/2018:00:30:48 -0800] "GET /css/site.css HTTP/1.1" 200 29895 "http://vietyoung.net/site/" "Mozilla/5.0 (Linux; Android 6.0.1; Nexus 5X Build/MMB29P) AppleWebKit/537.36 (KHTML, like Gecko) Chrome/41.0.2272.96 Mobile Safari/537.36 (compatible; Googlebot/2.1; +http://www.google.com/bot.html)"
66.249.64.91 - - [09/Dec/2018:00:30:48 -0800] "GET /assets/82a43dd6/yii.js HTTP/1.1" 200 20203 "http://vietyoung.net/site/" "Mozilla/5.0 (Linux; Android 6.0.1; Nexus 5X Build/MMB29P) AppleWebKit/537.36 (KHTML, like Gecko) Chrome/41.0.2272.96 Mobile Safari/537.36 (compatible; Googlebot/2.1; +http://www.google.com/bot.html)"
66.249.64.93 - - [09/Dec/2018:00:30:49 -0800] "GET /assets/d4188db9/js/bootstrap.js HTTP/1.1" 200 69707 "http://vietyoung.net/site/" "Mozilla/5.0 (Linux; Android 6.0.1; Nexus 5X Build/MMB29P) AppleWebKit/537.36 (KHTML, like Gecko) Chrome/41.0.2272.96 Mobile Safari/537.36 (compatible; Googlebot/2.1; +http://www.google.com/bot.html)"
66.249.64.95 - - [09/Dec/2018:00:30:49 -0800] "GET /assets/37aad050/jquery.js HTTP/1.1" 200 268039 "http://vietyoung.net/site/" "Mozilla/5.0 (Linux; Android 6.0.1; Nexus 5X Build/MMB29P) AppleWebKit/537.36 (KHTML, like Gecko) Chrome/41.0.2272.96 Mobile Safari/537.36 (compatible; Googlebot/2.1; +http://www.google.com/bot.html)"
66.249.64.91 - - [09/Dec/2018:01:34:53 -0800] "GET /robots.txt HTTP/1.1" 404 3698 "-" "Mozilla/5.0 (compatible; Googlebot/2.1; +http://www.google.com/bot.html)"
66.249.64.93 - - [09/Dec/2018:01:34:54 -0800] "GET /site/order?writer_id=1 HTTP/1.1" 200 38189 "-" "Mozilla/5.0 (compatible; Googlebot/2.1; +http://www.google.com/bot.html)"
